{
  "name": "test",
  "description": "test",
  "version": "0.0.1",
  "author": "Frederik Rudeck <frederik.rudeck@googlemail.com>"
}
